../Core/Src/main.c:68:1:__io_putchar	16	static
../Core/Src/main.c:106:5:main	32	static
../Core/Src/main.c:227:6:SystemClock_Config	72	static
../Core/Src/main.c:267:13:MX_CAN_Init	8	static
../Core/Src/main.c:304:13:MX_TIM1_Init	96	static
../Core/Src/main.c:383:13:MX_TIM2_Init	56	static
../Core/Src/main.c:432:13:MX_TIM4_Init	64	static
../Core/Src/main.c:491:13:MX_USART1_UART_Init	8	static
../Core/Src/main.c:524:13:MX_GPIO_Init	40	static
../Core/Src/main.c:575:6:HAL_CAN_RxFifo0FullCallback	24	static
../Core/Src/main.c:594:6:StartDefaultTask	64	static
../Core/Src/main.c:633:6:HAL_TIM_PeriodElapsedCallback	16	static
../Core/Src/main.c:650:6:Error_Handler	4	static,ignoring_inline_asm
