14:25:27 **** Incremental Build of configuration Debug for project Lab03_Actuator ****
make -j16 all 
arm-none-eabi-gcc "../Core/Src/main.c" -mcpu=cortex-m3 -std=gnu11 -g3 -DDEBUG -DUSE_HAL_DRIVER -DSTM32F103xB -c -I../Core/Inc -I../Drivers/STM32F1xx_HAL_Driver/Inc/Legacy -I../Drivers/STM32F1xx_HAL_Driver/Inc -I../Drivers/CMSIS/Device/ST/STM32F1xx/Include -I../Drivers/CMSIS/Include -I"C:/Users/nhakh/Desktop/Document/STM/CE437/Lab03_Actuator/utils" -I"C:/Users/nhakh/Desktop/Document/STM/CE437/Lab03_Actuator/CANCom" -O0 -ffunction-sections -fdata-sections -Wall -fstack-usage -fcyclomatic-complexity -MMD -MP -MF"Core/Src/main.d" -MT"Core/Src/main.o" --specs=nano.specs -mfloat-abi=soft -mthumb -o "Core/Src/main.o"
../Core/Src/main.c: In function 'main':
../Core/Src/main.c:108:30: warning: implicit declaration of function 'rand' [-Wimplicit-function-declaration]
  108 |                 SendBuf[0] = rand() % 255;
      |                              ^~~~
../Core/Src/main.c:111:42: warning: passing argument 1 of 'calc_SAE_J1850' from incompatible pointer type [-Wincompatible-pointer-types]
  111 |                 crc_val = calc_SAE_J1850(SendBuf, 7);
      |                                          ^~~~~~~
      |                                          |
      |                                          uint8_t * {aka unsigned char *}
In file included from ../Core/Src/main.c:26:
C:/Users/nhakh/Desktop/Document/STM/CE437/Lab03_Actuator/utils/crc.h:11:24: note: expected 'int *' but argument is of type 'uint8_t *' {aka 'unsigned char *'}
   11 | int calc_SAE_J1850(int data[],int crc_len);
      |                    ~~~~^~~~~~
arm-none-eabi-gcc -o "Lab03_Actuator.elf" @"objects.list"   -mcpu=cortex-m3 -T"C:\Users\nhakh\Desktop\Document\STM\CE437\Lab03_Actuator\STM32F103C8TX_FLASH.ld" --specs=nosys.specs -Wl,-Map="Lab03_Actuator.map" -Wl,--gc-sections -static --specs=nano.specs -mfloat-abi=soft -mthumb -Wl,--start-group -lc -lm -Wl,--end-group
Finished building target: Lab03_Actuator.elf
 
arm-none-eabi-size   Lab03_Actuator.elf 
arm-none-eabi-objdump -h -S  Lab03_Actuator.elf  > "Lab03_Actuator.list"
arm-none-eabi-objcopy  -O binary  Lab03_Actuator.elf  "Lab03_Actuator.bin"
   text	   data	    bss	    dec	    hex	filename
  14352	    112	   2032	  16496	   4070	Lab03_Actuator.elf
Finished building: default.size.stdout
 
Finished building: Lab03_Actuator.bin
 
Finished building: Lab03_Actuator.list
 
