18:27:31 **** Incremental Build of configuration Debug for project Lab04_SensorTester ****
make -j16 all 
arm-none-eabi-gcc "../CanTP_Handler/CanTP.c" -mcpu=cortex-m3 -std=gnu11 -g3 -DDEBUG -DUSE_HAL_DRIVER -DSTM32F103xB -c -I../Core/Inc -I../Drivers/STM32F1xx_HAL_Driver/Inc/Legacy -I../Drivers/STM32F1xx_HAL_Driver/Inc -I../Drivers/CMSIS/Device/ST/STM32F1xx/Include -I../Drivers/CMSIS/Include -I"C:/Users/nhakh/Desktop/Document/STM/CE437/Lab04_SensorTester/isotp-c" -I"C:/Users/nhakh/Desktop/Document/STM/CE437/Lab04_SensorTester/CanTP_Handler" -I"C:/Users/nhakh/Desktop/Document/STM/CE437/Lab04_SensorTester/Diagnostic_Services" -O0 -ffunction-sections -fdata-sections -Wall -fstack-usage -fcyclomatic-complexity -MMD -MP -MF"CanTP_Handler/CanTP.d" -MT"CanTP_Handler/CanTP.o" --specs=nano.specs -mfloat-abi=soft -mthumb -o "CanTP_Handler/CanTP.o"
../CanTP_Handler/CanTP.c: In function 'CanTP_Receive':
../CanTP_Handler/CanTP.c:59:17: warning: unused variable 'status' [-Wunused-variable]
   59 |         uint8_t status = 0;
      |                 ^~~~~~
arm-none-eabi-gcc -o "Lab04_SensorTester.elf" @"objects.list"   -mcpu=cortex-m3 -T"C:\Users\nhakh\Desktop\Document\STM\CE437\Lab04_SensorTester\STM32F103C8TX_FLASH.ld" --specs=nosys.specs -Wl,-Map="Lab04_SensorTester.map" -Wl,--gc-sections -static --specs=nano.specs -mfloat-abi=soft -mthumb -Wl,--start-group -lc -lm -Wl,--end-group
Finished building target: Lab04_SensorTester.elf
 
arm-none-eabi-size   Lab04_SensorTester.elf 
arm-none-eabi-objdump -h -S  Lab04_SensorTester.elf  > "Lab04_SensorTester.list"
arm-none-eabi-objcopy  -O binary  Lab04_SensorTester.elf  "Lab04_SensorTester.bin"
   text	   data	    bss	    dec	    hex	filename
  19680	    112	   2280	  22072	   5638	Lab04_SensorTester.elf
Finished building: default.size.stdout
 
Finished building: Lab04_SensorTester.bin
 
Finished building: Lab04_SensorTester.list
 

18:27:33 Build Finished. 0 errors, 1 warnings. (took 1s.268ms)

